// Jest Snapshot v1, https://goo.gl/fbAQLP

exports[`snapshot test 1`] = `
{
  "Parameters": {
    "BootstrapVersion": {
      "Default": "/cdk-bootstrap/hnb659fds/version",
      "Description": "Version of the CDK Bootstrap resources in this environment, automatically retrieved from SSM Parameter Store. [cdk:skip]",
      "Type": "AWS::SSM::Parameter::Value<String>",
    },
  },
  "Resources": {
    "goauthapiappprivatesubnetRouteTable58DD87C2": {
      "Properties": {
        "Tags": [
          {
            "Key": "Name",
            "Value": "go-auth-api-app-private-subnet",
          },
        ],
        "VpcId": {
          "Ref": "goauthapivpc70352260",
        },
      },
      "Type": "AWS::EC2::RouteTable",
    },
    "goauthapiappprivatesubnetRouteTableAssociation02E87075": {
      "Properties": {
        "RouteTableId": {
          "Ref": "goauthapiappprivatesubnetRouteTable58DD87C2",
        },
        "SubnetId": {
          "Ref": "goauthapiappprivatesubnetSubnet262F9611",
        },
      },
      "Type": "AWS::EC2::SubnetRouteTableAssociation",
    },
    "goauthapiappprivatesubnetSubnet262F9611": {
      "Properties": {
        "AvailabilityZone": "ap-northeast-1a",
        "CidrBlock": "10.0.1.0/24",
        "MapPublicIpOnLaunch": false,
        "Tags": [
          {
            "Key": "Name",
            "Value": "go-auth-api-app-private-subnet",
          },
        ],
        "VpcId": {
          "Ref": "goauthapivpc70352260",
        },
      },
      "Type": "AWS::EC2::Subnet",
    },
    "goauthapiapppublicsubnetDefaultRouteE94367FB": {
      "DependsOn": [
        "goauthapiigwattachment",
      ],
      "Properties": {
        "DestinationCidrBlock": "0.0.0.0/0",
        "GatewayId": {
          "Ref": "goauthapiigw",
        },
        "RouteTableId": {
          "Ref": "goauthapiapppublicsubnetRouteTableB08D9E9C",
        },
      },
      "Type": "AWS::EC2::Route",
    },
    "goauthapiapppublicsubnetRouteTableAssociation0AACFC00": {
      "Properties": {
        "RouteTableId": {
          "Ref": "goauthapiapppublicsubnetRouteTableB08D9E9C",
        },
        "SubnetId": {
          "Ref": "goauthapiapppublicsubnetSubnetBEB5997A",
        },
      },
      "Type": "AWS::EC2::SubnetRouteTableAssociation",
    },
    "goauthapiapppublicsubnetRouteTableB08D9E9C": {
      "Properties": {
        "Tags": [
          {
            "Key": "Name",
            "Value": "go-auth-api-app-public-subnet",
          },
        ],
        "VpcId": {
          "Ref": "goauthapivpc70352260",
        },
      },
      "Type": "AWS::EC2::RouteTable",
    },
    "goauthapiapppublicsubnetSubnetBEB5997A": {
      "Properties": {
        "AvailabilityZone": "ap-northeast-1a",
        "CidrBlock": "10.0.0.0/24",
        "MapPublicIpOnLaunch": true,
        "Tags": [
          {
            "Key": "Name",
            "Value": "go-auth-api-app-public-subnet",
          },
        ],
        "VpcId": {
          "Ref": "goauthapivpc70352260",
        },
      },
      "Type": "AWS::EC2::Subnet",
    },
    "goauthapiigw": {
      "Properties": {
        "Tags": [
          {
            "Key": "Name",
            "Value": "go-auth-api-igw",
          },
        ],
      },
      "Type": "AWS::EC2::InternetGateway",
    },
    "goauthapiigwattachment": {
      "Properties": {
        "InternetGatewayId": {
          "Ref": "goauthapiigw",
        },
        "VpcId": {
          "Ref": "goauthapivpc70352260",
        },
      },
      "Type": "AWS::EC2::VPCGatewayAttachment",
    },
    "goauthapivpc70352260": {
      "Properties": {
        "CidrBlock": "10.0.0.0/16",
        "EnableDnsHostnames": true,
        "EnableDnsSupport": true,
        "InstanceTenancy": "default",
        "Tags": [
          {
            "Key": "Name",
            "Value": "go-auth-api-vpc",
          },
        ],
      },
      "Type": "AWS::EC2::VPC",
    },
  },
  "Rules": {
    "CheckBootstrapVersion": {
      "Assertions": [
        {
          "Assert": {
            "Fn::Not": [
              {
                "Fn::Contains": [
                  [
                    "1",
                    "2",
                    "3",
                    "4",
                    "5",
                  ],
                  {
                    "Ref": "BootstrapVersion",
                  },
                ],
              },
            ],
          },
          "AssertDescription": "CDK bootstrap stack version 6 required. Please run 'cdk bootstrap' with a recent version of the CDK CLI.",
        },
      ],
    },
  },
}
`;
